{"child_run_id":"v29-child","commissioning_path":"master/relays/dispatch.md","dispatch_content_digest":"aaaaaaaaaaaaaaaaaaaaaaaaaaaaaaaaaaaaaaaaaaaaaaaaaaaaaaaaaaaaaaaa","parent_root_uuid":"123e4567-e89b-12d3-a456-426614174000","v":1}
fd7d3a367abbfa95b898d3db45a0179e50bd34a224340b567917f322ebb902b0
